wrote 37 files to plots/ (incl. index.pl.md):
   reverse_clean_cad30_speed0.svg
   reverse_clean_cad72_speed18.svg
   reverse_bounce_cad72_speed0.svg
   reverse_bounce_cad72_speed18.svg
   tq_invalid_cad72_speed0.svg
   pas_invalid_cad72_speed18.svg
   pas_invseq_cad72_speed0.svg
   miss_tick4_cad72_speed0.svg
   fg_delay4_cad72_speed18_zoom.svg
   fg_delay4_cad72_speed18_full.svg
   fg_delay20_cad72_speed0_zoom.svg
   fg_delay20_cad72_speed0_full.svg
   regr_linear72_baseline.svg
   regr_stop_release_cad72.svg
   control_8s_cad72_speed18.svg
   control_6s_cad30_speed0.svg
   pas_edge_drop3_cad72_speed18.svg
   pas_edge_drop3_cad30_speed0.svg
   pas_edge_jitter8_cad72_speed18.svg
   pas_edge_jitter2_cad30_speed0.svg
   miss_tick20_cad30_speed18.svg
   fg_delay1_cad30_speed0_zoom.svg
   fg_delay1_cad30_speed0_full.svg
   hires_fg_delay1_cad72_speed18_zoom.svg
   hires_fg_delay1_cad72_speed18_full.svg
   hires_fg_delay4_cad72_speed18_zoom.svg
   hires_fg_delay4_cad72_speed18_full.svg
   hires_fg_delay20_cad72_speed18_zoom.svg
   hires_fg_delay20_cad72_speed18_full.svg
   tq_invalid_cad30_speed18.svg
   pas_invalid_cad30_speed0.svg
   hires_bounce_cad72_speed18_zoom.svg
   hires_bounce_cad72_speed18_full.svg
   hires_bounce_cad30_speed0_zoom.svg
   hires_bounce_cad30_speed0_full.svg
   hires_control_cad72_speed18.svg
   index.pl.md
