floor_above_profile_repro        window=[3.0, 8.0] iq_ref mean=175.00 pp=0.00 rel_ripple=0.000 SATURATED
  stop_analysis: {'iq_ref': {'status': 'CONFIRMED', 'value_at_stop': 175.0, 'confirmed_zero_time_s': 8.2, 'time_to_confirmed_zero_s': 0.1999999999999993, 'last_observed_time_s': 10.0, 'sample_dt_s': 0.005000000000000782}, 'iq_allowed': {'status': 'CONFIRMED', 'value_at_stop': 175.0, 'confirmed_zero_time_s': 8.2, 'time_to_confirmed_zero_s': 0.1999999999999993, 'last_observed_time_s': 10.0, 'sample_dt_s': 0.005000000000000782}}
floor_default_profile1_repro     window=[3.0, 8.0] iq_ref mean=14.00 pp=0.00 rel_ripple=0.000 SATURATED
  stop_analysis: {'iq_ref': {'status': 'CONFIRMED', 'value_at_stop': 14.0, 'confirmed_zero_time_s': 8.2, 'time_to_confirmed_zero_s': 0.1999999999999993, 'last_observed_time_s': 10.0, 'sample_dt_s': 0.005000000000000782}, 'iq_allowed': {'status': 'CONFIRMED', 'value_at_stop': 14.0, 'confirmed_zero_time_s': 8.2, 'time_to_confirmed_zero_s': 0.1999999999999993, 'last_observed_time_s': 10.0, 'sample_dt_s': 0.005000000000000782}}
linear72_baseline                window=[3.0, 8.0] iq_ref mean=154.99 pp=50.00 rel_ripple=0.097
  stop_analysis: {'iq_ref': {'status': 'CONFIRMED', 'value_at_stop': 130.0, 'confirmed_zero_time_s': 8.2, 'time_to_confirmed_zero_s': 0.1999999999999993, 'last_observed_time_s': 10.0, 'sample_dt_s': 0.005000000000000782}, 'iq_allowed': {'status': 'CONFIRMED', 'value_at_stop': 130.0, 'confirmed_zero_time_s': 8.2, 'time_to_confirmed_zero_s': 0.1999999999999993, 'last_observed_time_s': 10.0, 'sample_dt_s': 0.005000000000000782}}
stop_release_cad72               window=[3.0, 5.0] iq_ref mean=155.69 pp=50.00 rel_ripple=0.101
  stop_analysis: {'iq_ref': {'status': 'CONFIRMED', 'value_at_stop': 160.0, 'confirmed_zero_time_s': 5.2, 'time_to_confirmed_zero_s': 0.20000000000000018, 'last_observed_time_s': 10.0, 'sample_dt_s': 0.004999999999999893}, 'iq_allowed': {'status': 'CONFIRMED', 'value_at_stop': 160.0, 'confirmed_zero_time_s': 5.2, 'time_to_confirmed_zero_s': 0.20000000000000018, 'last_observed_time_s': 10.0, 'sample_dt_s': 0.004999999999999893}}
sweep_mode1_cad110               window=[3.0, 8.0] iq_ref mean=153.91 pp=31.00 rel_ripple=0.059
  stop_analysis: {'iq_ref': {'status': 'CONFIRMED', 'value_at_stop': 163.0, 'confirmed_zero_time_s': 8.195, 'time_to_confirmed_zero_s': 0.19500000000000028, 'last_observed_time_s': 10.0, 'sample_dt_s': 0.005000000000000782}, 'iq_allowed': {'status': 'CONFIRMED', 'value_at_stop': 163.0, 'confirmed_zero_time_s': 8.195, 'time_to_confirmed_zero_s': 0.19500000000000028, 'last_observed_time_s': 10.0, 'sample_dt_s': 0.005000000000000782}}
sweep_mode1_cad120               window=[3.0, 8.0] iq_ref mean=153.56 pp=27.00 rel_ripple=0.053
  stop_analysis: {'iq_ref': {'status': 'CONFIRMED', 'value_at_stop': 141.0, 'confirmed_zero_time_s': 8.2, 'time_to_confirmed_zero_s': 0.1999999999999993, 'last_observed_time_s': 10.0, 'sample_dt_s': 0.005000000000000782}, 'iq_allowed': {'status': 'CONFIRMED', 'value_at_stop': 141.0, 'confirmed_zero_time_s': 8.2, 'time_to_confirmed_zero_s': 0.1999999999999993, 'last_observed_time_s': 10.0, 'sample_dt_s': 0.005000000000000782}}
sweep_mode1_cad20                window=[3.0, 8.0] iq_ref mean=170.74 pp=136.00 rel_ripple=0.261
  stop_analysis: {'iq_ref': {'status': 'CONFIRMED', 'value_at_stop': 132.0, 'confirmed_zero_time_s': 8.2, 'time_to_confirmed_zero_s': 0.1999999999999993, 'last_observed_time_s': 10.0, 'sample_dt_s': 0.005000000000000782}, 'iq_allowed': {'status': 'CONFIRMED', 'value_at_stop': 132.0, 'confirmed_zero_time_s': 8.2, 'time_to_confirmed_zero_s': 0.1999999999999993, 'last_observed_time_s': 10.0, 'sample_dt_s': 0.005000000000000782}}
sweep_mode1_cad30                window=[3.0, 8.0] iq_ref mean=159.17 pp=104.00 rel_ripple=0.193
  stop_analysis: {'iq_ref': {'status': 'CONFIRMED', 'value_at_stop': 185.0, 'confirmed_zero_time_s': 8.2, 'time_to_confirmed_zero_s': 0.1999999999999993, 'last_observed_time_s': 10.0, 'sample_dt_s': 0.005000000000000782}, 'iq_allowed': {'status': 'CONFIRMED', 'value_at_stop': 185.0, 'confirmed_zero_time_s': 8.2, 'time_to_confirmed_zero_s': 0.1999999999999993, 'last_observed_time_s': 10.0, 'sample_dt_s': 0.005000000000000782}}
sweep_mode1_cad40                window=[3.0, 8.0] iq_ref mean=154.05 pp=82.00 rel_ripple=0.165
  stop_analysis: {'iq_ref': {'status': 'CONFIRMED', 'value_at_stop': 112.0, 'confirmed_zero_time_s': 8.2, 'time_to_confirmed_zero_s': 0.1999999999999993, 'last_observed_time_s': 10.0, 'sample_dt_s': 0.005000000000000782}, 'iq_allowed': {'status': 'CONFIRMED', 'value_at_stop': 112.0, 'confirmed_zero_time_s': 8.2, 'time_to_confirmed_zero_s': 0.1999999999999993, 'last_observed_time_s': 10.0, 'sample_dt_s': 0.005000000000000782}}
sweep_mode1_cad60                window=[3.0, 8.0] iq_ref mean=155.13 pp=60.00 rel_ripple=0.116
  stop_analysis: {'iq_ref': {'status': 'CONFIRMED', 'value_at_stop': 139.0, 'confirmed_zero_time_s': 8.2, 'time_to_confirmed_zero_s': 0.1999999999999993, 'last_observed_time_s': 10.0, 'sample_dt_s': 0.005000000000000782}, 'iq_allowed': {'status': 'CONFIRMED', 'value_at_stop': 139.0, 'confirmed_zero_time_s': 8.2, 'time_to_confirmed_zero_s': 0.1999999999999993, 'last_observed_time_s': 10.0, 'sample_dt_s': 0.005000000000000782}}
sweep_mode1_cad72                window=[3.0, 8.0] iq_ref mean=154.99 pp=50.00 rel_ripple=0.097
  stop_analysis: {'iq_ref': {'status': 'CONFIRMED', 'value_at_stop': 130.0, 'confirmed_zero_time_s': 8.2, 'time_to_confirmed_zero_s': 0.1999999999999993, 'last_observed_time_s': 10.0, 'sample_dt_s': 0.005000000000000782}, 'iq_allowed': {'status': 'CONFIRMED', 'value_at_stop': 130.0, 'confirmed_zero_time_s': 8.2, 'time_to_confirmed_zero_s': 0.1999999999999993, 'last_observed_time_s': 10.0, 'sample_dt_s': 0.005000000000000782}}
sweep_mode1_cad90                window=[3.0, 8.0] iq_ref mean=154.30 pp=39.00 rel_ripple=0.077
  stop_analysis: {'iq_ref': {'status': 'CONFIRMED', 'value_at_stop': 172.0, 'confirmed_zero_time_s': 8.2, 'time_to_confirmed_zero_s': 0.1999999999999993, 'last_observed_time_s': 10.0, 'sample_dt_s': 0.005000000000000782}, 'iq_allowed': {'status': 'CONFIRMED', 'value_at_stop': 172.0, 'confirmed_zero_time_s': 8.2, 'time_to_confirmed_zero_s': 0.1999999999999993, 'last_observed_time_s': 10.0, 'sample_dt_s': 0.005000000000000782}}
uneven_legs_asym0                window=[3.0, 8.0] iq_ref mean=154.84 pp=39.00 rel_ripple=0.091
  stop_analysis: {'iq_ref': {'status': 'CONFIRMED', 'value_at_stop': 136.0, 'confirmed_zero_time_s': 8.2, 'time_to_confirmed_zero_s': 0.1999999999999993, 'last_observed_time_s': 10.0, 'sample_dt_s': 0.005000000000000782}, 'iq_allowed': {'status': 'CONFIRMED', 'value_at_stop': 136.0, 'confirmed_zero_time_s': 8.2, 'time_to_confirmed_zero_s': 0.1999999999999993, 'last_observed_time_s': 10.0, 'sample_dt_s': 0.005000000000000782}}
uneven_legs_asym30               window=[3.0, 8.0] iq_ref mean=156.23 pp=82.00 rel_ripple=0.154
  stop_analysis: {'iq_ref': {'status': 'CONFIRMED', 'value_at_stop': 112.0, 'confirmed_zero_time_s': 8.2, 'time_to_confirmed_zero_s': 0.1999999999999993, 'last_observed_time_s': 10.0, 'sample_dt_s': 0.005000000000000782}, 'iq_allowed': {'status': 'CONFIRMED', 'value_at_stop': 112.0, 'confirmed_zero_time_s': 8.2, 'time_to_confirmed_zero_s': 0.1999999999999993, 'last_observed_time_s': 10.0, 'sample_dt_s': 0.005000000000000782}}
uneven_legs_asym60               window=[3.0, 8.0] iq_ref mean=161.12 pp=127.00 rel_ripple=0.252
  stop_analysis: {'iq_ref': {'status': 'CONFIRMED', 'value_at_stop': 90.0, 'confirmed_zero_time_s': 8.2, 'time_to_confirmed_zero_s': 0.1999999999999993, 'last_observed_time_s': 10.0, 'sample_dt_s': 0.005000000000000782}, 'iq_allowed': {'status': 'CONFIRMED', 'value_at_stop': 90.0, 'confirmed_zero_time_s': 8.2, 'time_to_confirmed_zero_s': 0.1999999999999993, 'last_observed_time_s': 10.0, 'sample_dt_s': 0.005000000000000782}}
uneven_legs_asym8                window=[3.0, 8.0] iq_ref mean=154.99 pp=50.00 rel_ripple=0.097
  stop_analysis: {'iq_ref': {'status': 'CONFIRMED', 'value_at_stop': 130.0, 'confirmed_zero_time_s': 8.2, 'time_to_confirmed_zero_s': 0.1999999999999993, 'last_observed_time_s': 10.0, 'sample_dt_s': 0.005000000000000782}, 'iq_allowed': {'status': 'CONFIRMED', 'value_at_stop': 130.0, 'confirmed_zero_time_s': 8.2, 'time_to_confirmed_zero_s': 0.1999999999999993, 'last_observed_time_s': 10.0, 'sample_dt_s': 0.005000000000000782}}
window180_repro                  window=[3.0, 8.0] iq_ref mean=154.99 pp=50.00 rel_ripple=0.097
  stop_analysis: {'iq_ref': {'status': 'CONFIRMED', 'value_at_stop': 130.0, 'confirmed_zero_time_s': 8.2, 'time_to_confirmed_zero_s': 0.1999999999999993, 'last_observed_time_s': 10.0, 'sample_dt_s': 0.005000000000000782}, 'iq_allowed': {'status': 'CONFIRMED', 'value_at_stop': 130.0, 'confirmed_zero_time_s': 8.2, 'time_to_confirmed_zero_s': 0.1999999999999993, 'last_observed_time_s': 10.0, 'sample_dt_s': 0.005000000000000782}}
window30_repro                   window=[3.0, 8.0] iq_ref mean=154.99 pp=50.00 rel_ripple=0.097
  stop_analysis: {'iq_ref': {'status': 'CONFIRMED', 'value_at_stop': 130.0, 'confirmed_zero_time_s': 8.2, 'time_to_confirmed_zero_s': 0.1999999999999993, 'last_observed_time_s': 10.0, 'sample_dt_s': 0.005000000000000782}, 'iq_allowed': {'status': 'CONFIRMED', 'value_at_stop': 130.0, 'confirmed_zero_time_s': 8.2, 'time_to_confirmed_zero_s': 0.1999999999999993, 'last_observed_time_s': 10.0, 'sample_dt_s': 0.005000000000000782}}
window360_repro                  window=[3.0, 8.0] iq_ref mean=154.99 pp=50.00 rel_ripple=0.097
  stop_analysis: {'iq_ref': {'status': 'CONFIRMED', 'value_at_stop': 130.0, 'confirmed_zero_time_s': 8.2, 'time_to_confirmed_zero_s': 0.1999999999999993, 'last_observed_time_s': 10.0, 'sample_dt_s': 0.005000000000000782}, 'iq_allowed': {'status': 'CONFIRMED', 'value_at_stop': 130.0, 'confirmed_zero_time_s': 8.2, 'time_to_confirmed_zero_s': 0.1999999999999993, 'last_observed_time_s': 10.0, 'sample_dt_s': 0.005000000000000782}}
without_rotation_off_repro       window=[3.0, 8.0] iq_ref mean=0.00 pp=0.00 rel_ripple=N/A SATURATED
  stop_analysis: {'iq_ref': {'status': 'CONFIRMED', 'value_at_stop': 0.0, 'confirmed_zero_time_s': 8.0, 'time_to_confirmed_zero_s': 0.0, 'last_observed_time_s': 10.0, 'sample_dt_s': 0.005000000000000782}, 'iq_allowed': {'status': 'CONFIRMED', 'value_at_stop': 0.0, 'confirmed_zero_time_s': 8.0, 'time_to_confirmed_zero_s': 0.0, 'last_observed_time_s': 10.0, 'sample_dt_s': 0.005000000000000782}}
without_rotation_repro           window=[3.0, 8.0] iq_ref mean=0.00 pp=0.00 rel_ripple=N/A SATURATED
  stop_analysis: {'iq_ref': {'status': 'CONFIRMED', 'value_at_stop': 0.0, 'confirmed_zero_time_s': 8.0, 'time_to_confirmed_zero_s': 0.0, 'last_observed_time_s': 10.0, 'sample_dt_s': 0.005000000000000782}, 'iq_allowed': {'status': 'CONFIRMED', 'value_at_stop': 0.0, 'confirmed_zero_time_s': 8.0, 'time_to_confirmed_zero_s': 0.0, 'last_observed_time_s': 10.0, 'sample_dt_s': 0.005000000000000782}}
