ERROR: contradictory manifest: run_complete=true but 1 case(s) are not OK: broken(ERROR). Refusing to extract - a completed run cannot contain a failed required case.
[AP01-V2-01a] DEFECT_FIXED/ABSENT: single trailing zero accepted as CONFIRMED (no observation after zero)
        observed = {'value_at_stop': 10, 'last_sample_before_stop_s': 0, 'candidate_zero_time_s': 2, 'confirmed_zero_time_s': None, 'time_to_confirmed_zero_s': None, 'observed_hold_s': 0, 'min_confirm_s': 0.1, 'transition_bracket_s': [1, 2], 'transition_bracket_width_s': 1, 'last_observed_time_s': 2, 'median_sample_dt_s': 1, 'median_sample_dt_note': 'information only - NOT the uncertainty of the stop instant; use transition_bracket_s', 'excursions_before_confirmation': 0, 'excursions_note': 'number of times the channel entered tolerance and left it again BEFORE the confirmed stretch; CONFIRMED does not imply this is 0', 'status': 'INSUFFICIENT_OBSERVATION'}
        review says it should be = a distinct status for insufficient observation, not CONFIRMED
[AP01-V2-01b] DEFECT_FIXED/ABSENT: irregular sampling: median dt presented as resolution, real transition bracket (1.2, 5] not reported
        observed = {'value_at_stop': 10, 'last_sample_before_stop_s': 0, 'candidate_zero_time_s': 5, 'confirmed_zero_time_s': 5, 'time_to_confirmed_zero_s': 4, 'observed_hold_s': 0.20000000000000018, 'min_confirm_s': 0.1, 'transition_bracket_s': [1.2, 5], 'transition_bracket_width_s': 3.8, 'last_observed_time_s': 5.2, 'median_sample_dt_s': 0.10000000000000009, 'median_sample_dt_note': 'information only - NOT the uncertainty of the stop instant; use transition_bracket_s', 'excursions_before_confirmation': 0, 'excursions_note': 'number of times the channel entered tolerance and left it again BEFORE the confirmed stretch; CONFIRMED does not imply this is 0', 'status': 'CONFIRMED'}
        review says it should be = report the adjacent timestamps bracketing the transition, i.e. (1.2, 5.0]
[AP01-V2-01c] DEFECT_FIXED/ABSENT: rise_time_10_90 returns a latency although the 10% crossing is not in the record
        observed = None
        review says it should be = None / an explicit insufficient-record status
[check_large_ripple_improvement_penalised] CHECK_ERROR: KeyError('metrics')
[check_arithmetic_error_in_justification] CHECK_ERROR: KeyError('metrics')
[AP01-V2-02c] DEFECT_FIXED/ABSENT: shape alone decides exclusion instead of demonstrated limit evidence
        observed = {'smooth_excluded_from_comparison': False, 'plateau_excluded_without_evidence': False, 'evidenced_clipping_missed': False}
        review says it should be = flatness/plateau informational only; exclusion requires a demonstrated change at an observed stage
[AP01-V2-02d] DEFECT_FIXED/ABSENT: limit helper unused by extractor and no computed bias in results
        observed = {'extractor_uses_limit_helper': True, 'extractor_reads_limit_channel_pair': True, 'result_channel_keys': ['bias_reference_case', 'bias_reference_value', 'bias_vs_reference', 'comparable', 'limit_evidence', 'limit_status', 'limiting', 'mean', 'pp', 'relative_bias_vs_reference', 'relative_ripple', 'ripple_rms', 'rms', 'upstream_stages_changing_this_channel'], 'has_computed_bias': True}
        review says it should be = real limit evidence consumed by the extractor and a computed bias against an explicit reference
[AP01-V2-02e] DEFECT_FIXED/ABSENT: floor-above-profile case labelled cap-limited although the floor exceeds the profile cap
        observed = {'floor_above_profile_mean': 175.0, 'profile_cap_only_mean': 14.0, 'floor_exceeds_cap': True, 'label': 'REPRODUCED audit finding: window30/180/360 rows identical for the tested tuning '}
        review says it should be = state that the floor (assist_min_iq_pct) overrides the profile cap (max_iq_pct)
[AP01-V2-03a] DEFECT_FIXED/ABSENT: negative runner test relocates the runner, so it fails on import instead of the native/RequiredCaseFailed path
        observed = {'test_uses_copytree': False, 'relocated_import_error': False, 'stderr_tail': ''}
        review says it should be = isolate only the OUTPUT; reach RequiredCaseFailed / the real native exit code; a missing import must FAIL the test
[AP01-V2-03b] DEFECT_FIXED/ABSENT: only RequiredCaseFailed is caught, and no incomplete marker is written before the first case
        observed = {'catches_only_required_case_failed': False, 'writes_run_id_or_marker_upfront': True}
        review says it should be = any preparation/build/serializer failure must also leave incomplete state; a previous complete manifest must not survive as the apparent new result
[AP01-V2-03c] DEFECT_FIXED/ABSENT: required comparisons are recorded but never checked before run_complete=true
        observed = {'enforcement_between_comparison_and_completion': True}
        review says it should be = a false required comparison must fail the run
[AP01-V2-03d] DEFECT_FIXED/ABSENT: extractor accepts a manifest that is complete yet contains a required ERROR case
        observed = {'metrics_written': False}
        review says it should be = reject the contradictory manifest with a nonzero exit
[AP01-V2-04a] DEFECT_FIXED/ABSENT: inventory promotes reading test files to a completed safety proof
        observed = {'live_overclaims_outside_withdrawals': [], 'coverage_entries': 15, 'entries_missing_evidence_level': [], 'entries_claiming_execution': []}
        review says it should be = claims limited to the module read; distinguish exists / read / executed
[AP01-V2-04b] DEFECT_FIXED/ABSENT: sensor_invalid claims no test forces torque_sensor_valid; fw100_extended_boost_host.c:200-201 already does
        observed = {'claims_no_test_exists': False, 'cites_boost_host': True}
        review says it should be = separate PAS-quadrature invalid / pas_sensor_valid / torque_sensor_valid and cite the partial boost coverage
[AP01-V2-04c] DEFECT_FIXED/ABSENT: claims Controller Lab is the only CSV source, and uses Walk to justify low-cadence tolerance
        observed = {'names_l4_csv_emitter': True, 'names_replay_csv_emitter': True, 'live_exclusivity_claim': False, 'low_cadence_explicitly_disclaims_walk': True, 'other_walk_mentions_in_criteria': []}
        review says it should be = check sim/l4 and sim/replay CSV emitters; drop the Walk-based justification

defects still present: 0 / 15

evidence written: repro_v2_after_fix.json
